// Jest Snapshot v1, https://goo.gl/fbAQLP

exports[`Logo component same snapshot 1`] = `
<Image
  as="img"
  centered={true}
  shape="circular"
  src={
    Object {
      "default": "file",
    }
  }
  ui={true}
/>
`;
